2026-04-04 06:35:54,239 INFO: --- Incoming Request: GET /api/v1/users/me --- [in D:\Bipul-hrms\hrms-crm-backend-new\app\__init__.py:60]
2026-04-04 06:35:54,248 INFO: Auth Header: PRESENT (Starts with: Bearer eyJhbGci...) [in D:\Bipul-hrms\hrms-crm-backend-new\app\__init__.py:61]
2026-04-04 06:35:54,249 INFO: Origin: None [in D:\Bipul-hrms\hrms-crm-backend-new\app\__init__.py:62]
2026-04-04 06:35:54,256 INFO: --- Incoming Request: GET /api/v1/company/me --- [in D:\Bipul-hrms\hrms-crm-backend-new\app\__init__.py:60]
2026-04-04 06:35:54,257 INFO: Auth Header: PRESENT (Starts with: Bearer eyJhbGci...) [in D:\Bipul-hrms\hrms-crm-backend-new\app\__init__.py:61]
2026-04-04 06:35:54,258 INFO: Origin: None [in D:\Bipul-hrms\hrms-crm-backend-new\app\__init__.py:62]
2026-04-04 06:35:54,266 INFO: --- Incoming Request: GET /api/v1/users/me --- [in D:\Bipul-hrms\hrms-crm-backend-new\app\__init__.py:60]
2026-04-04 06:35:54,268 INFO: Auth Header: PRESENT (Starts with: Bearer eyJhbGci...) [in D:\Bipul-hrms\hrms-crm-backend-new\app\__init__.py:61]
2026-04-04 06:35:54,269 INFO: Origin: None [in D:\Bipul-hrms\hrms-crm-backend-new\app\__init__.py:62]
2026-04-04 06:35:54,556 INFO: --- Incoming Request: GET /api/v1/ui/layout --- [in D:\Bipul-hrms\hrms-crm-backend-new\app\__init__.py:60]
2026-04-04 06:35:54,556 INFO: Auth Header: PRESENT (Starts with: Bearer eyJhbGci...) [in D:\Bipul-hrms\hrms-crm-backend-new\app\__init__.py:61]
2026-04-04 06:35:54,556 INFO: Origin: None [in D:\Bipul-hrms\hrms-crm-backend-new\app\__init__.py:62]
2026-04-04 06:35:54,561 INFO: Serving custom layout: route=/employee/dashboard company_id=1 [in D:\Bipul-hrms\hrms-crm-backend-new\app\api\ui.py:44]
2026-04-04 06:35:54,588 INFO: --- Incoming Request: GET /api/v1/ui/layout --- [in D:\Bipul-hrms\hrms-crm-backend-new\app\__init__.py:60]
2026-04-04 06:35:54,591 INFO: Auth Header: PRESENT (Starts with: Bearer eyJhbGci...) [in D:\Bipul-hrms\hrms-crm-backend-new\app\__init__.py:61]
2026-04-04 06:35:54,592 INFO: Origin: None [in D:\Bipul-hrms\hrms-crm-backend-new\app\__init__.py:62]
2026-04-04 06:35:54,596 INFO: Serving custom layout: route=/employee/dashboard company_id=1 [in D:\Bipul-hrms\hrms-crm-backend-new\app\api\ui.py:44]
2026-04-04 06:35:54,881 INFO: --- Incoming Request: GET /api/v1/ui/context --- [in D:\Bipul-hrms\hrms-crm-backend-new\app\__init__.py:60]
2026-04-04 06:35:54,881 INFO: Auth Header: PRESENT (Starts with: Bearer eyJhbGci...) [in D:\Bipul-hrms\hrms-crm-backend-new\app\__init__.py:61]
2026-04-04 06:35:54,884 INFO: Origin: None [in D:\Bipul-hrms\hrms-crm-backend-new\app\__init__.py:62]
2026-04-04 06:35:54,886 INFO: Serving unified UI context for user 3 [in D:\Bipul-hrms\hrms-crm-backend-new\app\api\ui.py:151]
2026-04-04 06:35:54,900 INFO: --- Incoming Request: GET /api/v1/ui/context --- [in D:\Bipul-hrms\hrms-crm-backend-new\app\__init__.py:60]
2026-04-04 06:35:54,903 INFO: Auth Header: PRESENT (Starts with: Bearer eyJhbGci...) [in D:\Bipul-hrms\hrms-crm-backend-new\app\__init__.py:61]
2026-04-04 06:35:54,904 INFO: Origin: None [in D:\Bipul-hrms\hrms-crm-backend-new\app\__init__.py:62]
2026-04-04 06:35:54,911 INFO: Serving unified UI context for user 3 [in D:\Bipul-hrms\hrms-crm-backend-new\app\api\ui.py:151]
2026-04-04 06:35:55,209 INFO: --- Incoming Request: GET /api/v1/api/v1/users/me --- [in D:\Bipul-hrms\hrms-crm-backend-new\app\__init__.py:60]
2026-04-04 06:35:55,211 INFO: Auth Header: PRESENT (Starts with: Bearer eyJhbGci...) [in D:\Bipul-hrms\hrms-crm-backend-new\app\__init__.py:61]
2026-04-04 06:35:55,213 INFO: Origin: None [in D:\Bipul-hrms\hrms-crm-backend-new\app\__init__.py:62]
2026-04-04 06:35:55,529 INFO: --- Incoming Request: GET /api/v1/api/v1/users/me --- [in D:\Bipul-hrms\hrms-crm-backend-new\app\__init__.py:60]
2026-04-04 06:35:55,529 INFO: Auth Header: PRESENT (Starts with: Bearer eyJhbGci...) [in D:\Bipul-hrms\hrms-crm-backend-new\app\__init__.py:61]
2026-04-04 06:35:55,533 INFO: Origin: None [in D:\Bipul-hrms\hrms-crm-backend-new\app\__init__.py:62]
